15:09:06 **** Incremental Build of configuration Debug for project l051_kinematics4x_1 ****
make all 
'Building file: C:/workspace/ac6_mars_workspace/l051workspace/fromcube/kimematics4x/l051_kinematics4x_1/Src/main.c'
'Invoking: MCU GCC Compiler'
C:\workspace\ac6_mars_workspace\l051workspace\fromcube\kimematics4x\l051_kinematics4x_1\SW4STM32\l051_kinematics4x_1\Debug
arm-none-eabi-gcc -mcpu=cortex-m0plus -mthumb -mfloat-abi=soft -D__weak="__attribute__((weak))" -D__packed="__attribute__((__packed__))" -DUSE_HAL_DRIVER -DSTM32L051xx -I"C:/workspace/ac6_mars_workspace/l051workspace/fromcube/kimematics4x/l051_kinematics4x_1/Inc" -I"C:/workspace/ac6_mars_workspace/l051workspace/fromcube/kimematics4x/l051_kinematics4x_1/Drivers/STM32L0xx_HAL_Driver/Inc" -I"C:/workspace/ac6_mars_workspace/l051workspace/fromcube/kimematics4x/l051_kinematics4x_1/Drivers/STM32L0xx_HAL_Driver/Inc/Legacy" -I"C:/workspace/ac6_mars_workspace/l051workspace/fromcube/kimematics4x/l051_kinematics4x_1/Drivers/CMSIS/Include" -I"C:/workspace/ac6_mars_workspace/l051workspace/fromcube/kimematics4x/l051_kinematics4x_1/Drivers/CMSIS/Device/ST/STM32L0xx/Include"  -Os -g3 -Wall -fmessage-length=0 -ffunction-sections -c -fmessage-length=0 -MMD -MP -MF"Application/User/main.d" -MT"Application/User/main.o" -o "Application/User/main.o" "C:/workspace/ac6_mars_workspace/l051workspace/fromcube/kimematics4x/l051_kinematics4x_1/Src/main.c"
C:/workspace/ac6_mars_workspace/l051workspace/fromcube/kimematics4x/l051_kinematics4x_1/Src/main.c:58:23: warning: initialization from incompatible pointer type
 int32_t *out_buffer = (uint16_t *)buffer0;
                       ^
C:/workspace/ac6_mars_workspace/l051workspace/fromcube/kimematics4x/l051_kinematics4x_1/Src/main.c:59:24: warning: initialization from incompatible pointer type
 int32_t *fill_buffer = (uint16_t *)buffer1;
                        ^
C:/workspace/ac6_mars_workspace/l051workspace/fromcube/kimematics4x/l051_kinematics4x_1/Src/main.c: In function 'chipselhigh':
C:/workspace/ac6_mars_workspace/l051workspace/fromcube/kimematics4x/l051_kinematics4x_1/Src/main.c:94:9: warning: unused variable 'i' [-Wunused-variable]
     int i;
         ^
C:/workspace/ac6_mars_workspace/l051workspace/fromcube/kimematics4x/l051_kinematics4x_1/Src/main.c: In function 'write_byte':
C:/workspace/ac6_mars_workspace/l051workspace/fromcube/kimematics4x/l051_kinematics4x_1/Src/main.c:127:14: warning: variable 'read_data' set but not used [-Wunused-but-set-variable]
     uint16_t read_data;
              ^
C:/workspace/ac6_mars_workspace/l051workspace/fromcube/kimematics4x/l051_kinematics4x_1/Src/main.c: In function 'main':
C:/workspace/ac6_mars_workspace/l051workspace/fromcube/kimematics4x/l051_kinematics4x_1/Src/main.c:466:27: warning: initialization from incompatible pointer type
   uint16_t *aux_pointer = out_buffer;
                           ^
C:/workspace/ac6_mars_workspace/l051workspace/fromcube/kimematics4x/l051_kinematics4x_1/Src/main.c:468:15: warning: assignment from incompatible pointer type
   fill_buffer = aux_pointer;
               ^
C:/workspace/ac6_mars_workspace/l051workspace/fromcube/kimematics4x/l051_kinematics4x_1/Src/main.c:416:10: warning: unused variable 'spi2_in_data' [-Wunused-variable]
  uint8_t spi2_in_data = 0x55;
          ^
C:/workspace/ac6_mars_workspace/l051workspace/fromcube/kimematics4x/l051_kinematics4x_1/Src/main.c:415:6: warning: unused variable 'counter' [-Wunused-variable]
  int counter = 0;
      ^
'Finished building: C:/workspace/ac6_mars_workspace/l051workspace/fromcube/kimematics4x/l051_kinematics4x_1/Src/main.c'
' '
'Building target: l051_kinematics4x_1.elf'
'Invoking: MCU GCC Linker'
arm-none-eabi-gcc -mcpu=cortex-m0plus -mthumb -mfloat-abi=soft -specs=nosys.specs -specs=nano.specs -T"../STM32L051C6Tx_FLASH.ld" -Wl,-Map=output.map -Wl,--gc-sections -lm -o "l051_kinematics4x_1.elf" @"objects.list"  
'Finished building target: l051_kinematics4x_1.elf'
' '
make --no-print-directory post-build
'Generating binary and Printing size information:'
arm-none-eabi-objcopy -O binary "l051_kinematics4x_1.elf" "l051_kinematics4x_1.bin"
arm-none-eabi-size "l051_kinematics4x_1.elf"
   text	   data	    bss	    dec	    hex	filename
  15508	    120	   2136	  17764	   4564	l051_kinematics4x_1.elf
' '
15:14:15 **** Incremental Build of configuration Debug for project l051_kinematics4x_1 ****
make all 
'Building file: C:/workspace/ac6_mars_workspace/l051workspace/fromcube/kimematics4x/l051_kinematics4x_1/Drivers/STM32L0xx_HAL_Driver/Src/stm32l0xx_hal.c'
'Invoking: MCU GCC Compiler'
C:\workspace\ac6_mars_workspace\l051workspace\fromcube\kimematics4x\l051_kinematics4x_1\SW4STM32\l051_kinematics4x_1\Debug
arm-none-eabi-gcc -mcpu=cortex-m0plus -mthumb -mfloat-abi=soft -D__weak="__attribute__((weak))" -D__packed="__attribute__((__packed__))" -DUSE_HAL_DRIVER -DSTM32L051xx -I"C:/workspace/ac6_mars_workspace/l051workspace/fromcube/kimematics4x/l051_kinematics4x_1/Inc" -I"C:/workspace/ac6_mars_workspace/l051workspace/fromcube/kimematics4x/l051_kinematics4x_1/Drivers/STM32L0xx_HAL_Driver/Inc" -I"C:/workspace/ac6_mars_workspace/l051workspace/fromcube/kimematics4x/l051_kinematics4x_1/Drivers/STM32L0xx_HAL_Driver/Inc/Legacy" -I"C:/workspace/ac6_mars_workspace/l051workspace/fromcube/kimematics4x/l051_kinematics4x_1/Drivers/CMSIS/Include" -I"C:/workspace/ac6_mars_workspace/l051workspace/fromcube/kimematics4x/l051_kinematics4x_1/Drivers/CMSIS/Device/ST/STM32L0xx/Include"  -Os -g3 -Wall -fmessage-length=0 -ffunction-sections -c -fmessage-length=0 -MMD -MP -MF"Drivers/STM32L0xx_HAL_Driver/stm32l0xx_hal.d" -MT"Drivers/STM32L0xx_HAL_Driver/stm32l0xx_hal.o" -o "Drivers/STM32L0xx_HAL_Driver/stm32l0xx_hal.o" "C:/workspace/ac6_mars_workspace/l051workspace/fromcube/kimematics4x/l051_kinematics4x_1/Drivers/STM32L0xx_HAL_Driver/Src/stm32l0xx_hal.c"
'Finished building: C:/workspace/ac6_mars_workspace/l051workspace/fromcube/kimematics4x/l051_kinematics4x_1/Drivers/STM32L0xx_HAL_Driver/Src/stm32l0xx_hal.c'
' '
'Building file: C:/workspace/ac6_mars_workspace/l051workspace/fromcube/kimematics4x/l051_kinematics4x_1/Drivers/STM32L0xx_HAL_Driver/Src/stm32l0xx_hal_cortex.c'
'Invoking: MCU GCC Compiler'
C:\workspace\ac6_mars_workspace\l051workspace\fromcube\kimematics4x\l051_kinematics4x_1\SW4STM32\l051_kinematics4x_1\Debug
arm-none-eabi-gcc -mcpu=cortex-m0plus -mthumb -mfloat-abi=soft -D__weak="__attribute__((weak))" -D__packed="__attribute__((__packed__))" -DUSE_HAL_DRIVER -DSTM32L051xx -I"C:/workspace/ac6_mars_workspace/l051workspace/fromcube/kimematics4x/l051_kinematics4x_1/Inc" -I"C:/workspace/ac6_mars_workspace/l051workspace/fromcube/kimematics4x/l051_kinematics4x_1/Drivers/STM32L0xx_HAL_Driver/Inc" -I"C:/workspace/ac6_mars_workspace/l051workspace/fromcube/kimematics4x/l051_kinematics4x_1/Drivers/STM32L0xx_HAL_Driver/Inc/Legacy" -I"C:/workspace/ac6_mars_workspace/l051workspace/fromcube/kimematics4x/l051_kinematics4x_1/Drivers/CMSIS/Include" -I"C:/workspace/ac6_mars_workspace/l051workspace/fromcube/kimematics4x/l051_kinematics4x_1/Drivers/CMSIS/Device/ST/STM32L0xx/Include"  -Os -g3 -Wall -fmessage-length=0 -ffunction-sections -c -fmessage-length=0 -MMD -MP -MF"Drivers/STM32L0xx_HAL_Driver/stm32l0xx_hal_cortex.d" -MT"Drivers/STM32L0xx_HAL_Driver/stm32l0xx_hal_cortex.o" -o "Drivers/STM32L0xx_HAL_Driver/stm32l0xx_hal_cortex.o" "C:/workspace/ac6_mars_workspace/l051workspace/fromcube/kimematics4x/l051_kinematics4x_1/Drivers/STM32L0xx_HAL_Driver/Src/stm32l0xx_hal_cortex.c"
'Finished building: C:/workspace/ac6_mars_workspace/l051workspace/fromcube/kimematics4x/l051_kinematics4x_1/Drivers/STM32L0xx_HAL_Driver/Src/stm32l0xx_hal_cortex.c'
' '
'Building file: C:/workspace/ac6_mars_workspace/l051workspace/fromcube/kimematics4x/l051_kinematics4x_1/Drivers/STM32L0xx_HAL_Driver/Src/stm32l0xx_hal_dma.c'
'Invoking: MCU GCC Compiler'
C:\workspace\ac6_mars_workspace\l051workspace\fromcube\kimematics4x\l051_kinematics4x_1\SW4STM32\l051_kinematics4x_1\Debug
arm-none-eabi-gcc -mcpu=cortex-m0plus -mthumb -mfloat-abi=soft -D__weak="__attribute__((weak))" -D__packed="__attribute__((__packed__))" -DUSE_HAL_DRIVER -DSTM32L051xx -I"C:/workspace/ac6_mars_workspace/l051workspace/fromcube/kimematics4x/l051_kinematics4x_1/Inc" -I"C:/workspace/ac6_mars_workspace/l051workspace/fromcube/kimematics4x/l051_kinematics4x_1/Drivers/STM32L0xx_HAL_Driver/Inc" -I"C:/workspace/ac6_mars_workspace/l051workspace/fromcube/kimematics4x/l051_kinematics4x_1/Drivers/STM32L0xx_HAL_Driver/Inc/Legacy" -I"C:/workspace/ac6_mars_workspace/l051workspace/fromcube/kimematics4x/l051_kinematics4x_1/Drivers/CMSIS/Include" -I"C:/workspace/ac6_mars_workspace/l051workspace/fromcube/kimematics4x/l051_kinematics4x_1/Drivers/CMSIS/Device/ST/STM32L0xx/Include"  -Os -g3 -Wall -fmessage-length=0 -ffunction-sections -c -fmessage-length=0 -MMD -MP -MF"Drivers/STM32L0xx_HAL_Driver/stm32l0xx_hal_dma.d" -MT"Drivers/STM32L0xx_HAL_Driver/stm32l0xx_hal_dma.o" -o "Drivers/STM32L0xx_HAL_Driver/stm32l0xx_hal_dma.o" "C:/workspace/ac6_mars_workspace/l051workspace/fromcube/kimematics4x/l051_kinematics4x_1/Drivers/STM32L0xx_HAL_Driver/Src/stm32l0xx_hal_dma.c"
'Finished building: C:/workspace/ac6_mars_workspace/l051workspace/fromcube/kimematics4x/l051_kinematics4x_1/Drivers/STM32L0xx_HAL_Driver/Src/stm32l0xx_hal_dma.c'
' '
'Building file: C:/workspace/ac6_mars_workspace/l051workspace/fromcube/kimematics4x/l051_kinematics4x_1/Drivers/STM32L0xx_HAL_Driver/Src/stm32l0xx_hal_flash.c'
'Invoking: MCU GCC Compiler'
C:\workspace\ac6_mars_workspace\l051workspace\fromcube\kimematics4x\l051_kinematics4x_1\SW4STM32\l051_kinematics4x_1\Debug
arm-none-eabi-gcc -mcpu=cortex-m0plus -mthumb -mfloat-abi=soft -D__weak="__attribute__((weak))" -D__packed="__attribute__((__packed__))" -DUSE_HAL_DRIVER -DSTM32L051xx -I"C:/workspace/ac6_mars_workspace/l051workspace/fromcube/kimematics4x/l051_kinematics4x_1/Inc" -I"C:/workspace/ac6_mars_workspace/l051workspace/fromcube/kimematics4x/l051_kinematics4x_1/Drivers/STM32L0xx_HAL_Driver/Inc" -I"C:/workspace/ac6_mars_workspace/l051workspace/fromcube/kimematics4x/l051_kinematics4x_1/Drivers/STM32L0xx_HAL_Driver/Inc/Legacy" -I"C:/workspace/ac6_mars_workspace/l051workspace/fromcube/kimematics4x/l051_kinematics4x_1/Drivers/CMSIS/Include" -I"C:/workspace/ac6_mars_workspace/l051workspace/fromcube/kimematics4x/l051_kinematics4x_1/Drivers/CMSIS/Device/ST/STM32L0xx/Include"  -Os -g3 -Wall -fmessage-length=0 -ffunction-sections -c -fmessage-length=0 -MMD -MP -MF"Drivers/STM32L0xx_HAL_Driver/stm32l0xx_hal_flash.d" -MT"Drivers/STM32L0xx_HAL_Driver/stm32l0xx_hal_flash.o" -o "Drivers/STM32L0xx_HAL_Driver/stm32l0xx_hal_flash.o" "C:/workspace/ac6_mars_workspace/l051workspace/fromcube/kimematics4x/l051_kinematics4x_1/Drivers/STM32L0xx_HAL_Driver/Src/stm32l0xx_hal_flash.c"
'Finished building: C:/workspace/ac6_mars_workspace/l051workspace/fromcube/kimematics4x/l051_kinematics4x_1/Drivers/STM32L0xx_HAL_Driver/Src/stm32l0xx_hal_flash.c'
' '
'Building file: C:/workspace/ac6_mars_workspace/l051workspace/fromcube/kimematics4x/l051_kinematics4x_1/Drivers/STM32L0xx_HAL_Driver/Src/stm32l0xx_hal_flash_ex.c'
'Invoking: MCU GCC Compiler'
C:\workspace\ac6_mars_workspace\l051workspace\fromcube\kimematics4x\l051_kinematics4x_1\SW4STM32\l051_kinematics4x_1\Debug
arm-none-eabi-gcc -mcpu=cortex-m0plus -mthumb -mfloat-abi=soft -D__weak="__attribute__((weak))" -D__packed="__attribute__((__packed__))" -DUSE_HAL_DRIVER -DSTM32L051xx -I"C:/workspace/ac6_mars_workspace/l051workspace/fromcube/kimematics4x/l051_kinematics4x_1/Inc" -I"C:/workspace/ac6_mars_workspace/l051workspace/fromcube/kimematics4x/l051_kinematics4x_1/Drivers/STM32L0xx_HAL_Driver/Inc" -I"C:/workspace/ac6_mars_workspace/l051workspace/fromcube/kimematics4x/l051_kinematics4x_1/Drivers/STM32L0xx_HAL_Driver/Inc/Legacy" -I"C:/workspace/ac6_mars_workspace/l051workspace/fromcube/kimematics4x/l051_kinematics4x_1/Drivers/CMSIS/Include" -I"C:/workspace/ac6_mars_workspace/l051workspace/fromcube/kimematics4x/l051_kinematics4x_1/Drivers/CMSIS/Device/ST/STM32L0xx/Include"  -Os -g3 -Wall -fmessage-length=0 -ffunction-sections -c -fmessage-length=0 -MMD -MP -MF"Drivers/STM32L0xx_HAL_Driver/stm32l0xx_hal_flash_ex.d" -MT"Drivers/STM32L0xx_HAL_Driver/stm32l0xx_hal_flash_ex.o" -o "Drivers/STM32L0xx_HAL_Driver/stm32l0xx_hal_flash_ex.o" "C:/workspace/ac6_mars_workspace/l051workspace/fromcube/kimematics4x/l051_kinematics4x_1/Drivers/STM32L0xx_HAL_Driver/Src/stm32l0xx_hal_flash_ex.c"
'Finished building: C:/workspace/ac6_mars_workspace/l051workspace/fromcube/kimematics4x/l051_kinematics4x_1/Drivers/STM32L0xx_HAL_Driver/Src/stm32l0xx_hal_flash_ex.c'
' '
'Building file: C:/workspace/ac6_mars_workspace/l051workspace/fromcube/kimematics4x/l051_kinematics4x_1/Drivers/STM32L0xx_HAL_Driver/Src/stm32l0xx_hal_flash_ramfunc.c'
'Invoking: MCU GCC Compiler'
C:\workspace\ac6_mars_workspace\l051workspace\fromcube\kimematics4x\l051_kinematics4x_1\SW4STM32\l051_kinematics4x_1\Debug
arm-none-eabi-gcc -mcpu=cortex-m0plus -mthumb -mfloat-abi=soft -D__weak="__attribute__((weak))" -D__packed="__attribute__((__packed__))" -DUSE_HAL_DRIVER -DSTM32L051xx -I"C:/workspace/ac6_mars_workspace/l051workspace/fromcube/kimematics4x/l051_kinematics4x_1/Inc" -I"C:/workspace/ac6_mars_workspace/l051workspace/fromcube/kimematics4x/l051_kinematics4x_1/Drivers/STM32L0xx_HAL_Driver/Inc" -I"C:/workspace/ac6_mars_workspace/l051workspace/fromcube/kimematics4x/l051_kinematics4x_1/Drivers/STM32L0xx_HAL_Driver/Inc/Legacy" -I"C:/workspace/ac6_mars_workspace/l051workspace/fromcube/kimematics4x/l051_kinematics4x_1/Drivers/CMSIS/Include" -I"C:/workspace/ac6_mars_workspace/l051workspace/fromcube/kimematics4x/l051_kinematics4x_1/Drivers/CMSIS/Device/ST/STM32L0xx/Include"  -Os -g3 -Wall -fmessage-length=0 -ffunction-sections -c -fmessage-length=0 -MMD -MP -MF"Drivers/STM32L0xx_HAL_Driver/stm32l0xx_hal_flash_ramfunc.d" -MT"Drivers/STM32L0xx_HAL_Driver/stm32l0xx_hal_flash_ramfunc.o" -o "Drivers/STM32L0xx_HAL_Driver/stm32l0xx_hal_flash_ramfunc.o" "C:/workspace/ac6_mars_workspace/l051workspace/fromcube/kimematics4x/l051_kinematics4x_1/Drivers/STM32L0xx_HAL_Driver/Src/stm32l0xx_hal_flash_ramfunc.c"
'Finished building: C:/workspace/ac6_mars_workspace/l051workspace/fromcube/kimematics4x/l051_kinematics4x_1/Drivers/STM32L0xx_HAL_Driver/Src/stm32l0xx_hal_flash_ramfunc.c'
' '
'Building file: C:/workspace/ac6_mars_workspace/l051workspace/fromcube/kimematics4x/l051_kinematics4x_1/Drivers/STM32L0xx_HAL_Driver/Src/stm32l0xx_hal_gpio.c'
'Invoking: MCU GCC Compiler'
C:\workspace\ac6_mars_workspace\l051workspace\fromcube\kimematics4x\l051_kinematics4x_1\SW4STM32\l051_kinematics4x_1\Debug
arm-none-eabi-gcc -mcpu=cortex-m0plus -mthumb -mfloat-abi=soft -D__weak="__attribute__((weak))" -D__packed="__attribute__((__packed__))" -DUSE_HAL_DRIVER -DSTM32L051xx -I"C:/workspace/ac6_mars_workspace/l051workspace/fromcube/kimematics4x/l051_kinematics4x_1/Inc" -I"C:/workspace/ac6_mars_workspace/l051workspace/fromcube/kimematics4x/l051_kinematics4x_1/Drivers/STM32L0xx_HAL_Driver/Inc" -I"C:/workspace/ac6_mars_workspace/l051workspace/fromcube/kimematics4x/l051_kinematics4x_1/Drivers/STM32L0xx_HAL_Driver/Inc/Legacy" -I"C:/workspace/ac6_mars_workspace/l051workspace/fromcube/kimematics4x/l051_kinematics4x_1/Drivers/CMSIS/Include" -I"C:/workspace/ac6_mars_workspace/l051workspace/fromcube/kimematics4x/l051_kinematics4x_1/Drivers/CMSIS/Device/ST/STM32L0xx/Include"  -Os -g3 -Wall -fmessage-length=0 -ffunction-sections -c -fmessage-length=0 -MMD -MP -MF"Drivers/STM32L0xx_HAL_Driver/stm32l0xx_hal_gpio.d" -MT"Drivers/STM32L0xx_HAL_Driver/stm32l0xx_hal_gpio.o" -o "Drivers/STM32L0xx_HAL_Driver/stm32l0xx_hal_gpio.o" "C:/workspace/ac6_mars_workspace/l051workspace/fromcube/kimematics4x/l051_kinematics4x_1/Drivers/STM32L0xx_HAL_Driver/Src/stm32l0xx_hal_gpio.c"
'Finished building: C:/workspace/ac6_mars_workspace/l051workspace/fromcube/kimematics4x/l051_kinematics4x_1/Drivers/STM32L0xx_HAL_Driver/Src/stm32l0xx_hal_gpio.c'
' '
'Building file: C:/workspace/ac6_mars_workspace/l051workspace/fromcube/kimematics4x/l051_kinematics4x_1/Drivers/STM32L0xx_HAL_Driver/Src/stm32l0xx_hal_i2c.c'
'Invoking: MCU GCC Compiler'
C:\workspace\ac6_mars_workspace\l051workspace\fromcube\kimematics4x\l051_kinematics4x_1\SW4STM32\l051_kinematics4x_1\Debug
arm-none-eabi-gcc -mcpu=cortex-m0plus -mthumb -mfloat-abi=soft -D__weak="__attribute__((weak))" -D__packed="__attribute__((__packed__))" -DUSE_HAL_DRIVER -DSTM32L051xx -I"C:/workspace/ac6_mars_workspace/l051workspace/fromcube/kimematics4x/l051_kinematics4x_1/Inc" -I"C:/workspace/ac6_mars_workspace/l051workspace/fromcube/kimematics4x/l051_kinematics4x_1/Drivers/STM32L0xx_HAL_Driver/Inc" -I"C:/workspace/ac6_mars_workspace/l051workspace/fromcube/kimematics4x/l051_kinematics4x_1/Drivers/STM32L0xx_HAL_Driver/Inc/Legacy" -I"C:/workspace/ac6_mars_workspace/l051workspace/fromcube/kimematics4x/l051_kinematics4x_1/Drivers/CMSIS/Include" -I"C:/workspace/ac6_mars_workspace/l051workspace/fromcube/kimematics4x/l051_kinematics4x_1/Drivers/CMSIS/Device/ST/STM32L0xx/Include"  -Os -g3 -Wall -fmessage-length=0 -ffunction-sections -c -fmessage-length=0 -MMD -MP -MF"Drivers/STM32L0xx_HAL_Driver/stm32l0xx_hal_i2c.d" -MT"Drivers/STM32L0xx_HAL_Driver/stm32l0xx_hal_i2c.o" -o "Drivers/STM32L0xx_HAL_Driver/stm32l0xx_hal_i2c.o" "C:/workspace/ac6_mars_workspace/l051workspace/fromcube/kimematics4x/l051_kinematics4x_1/Drivers/STM32L0xx_HAL_Driver/Src/stm32l0xx_hal_i2c.c"
'Finished building: C:/workspace/ac6_mars_workspace/l051workspace/fromcube/kimematics4x/l051_kinematics4x_1/Drivers/STM32L0xx_HAL_Driver/Src/stm32l0xx_hal_i2c.c'
' '
'Building file: C:/workspace/ac6_mars_workspace/l051workspace/fromcube/kimematics4x/l051_kinematics4x_1/Drivers/STM32L0xx_HAL_Driver/Src/stm32l0xx_hal_i2c_ex.c'
'Invoking: MCU GCC Compiler'
C:\workspace\ac6_mars_workspace\l051workspace\fromcube\kimematics4x\l051_kinematics4x_1\SW4STM32\l051_kinematics4x_1\Debug
arm-none-eabi-gcc -mcpu=cortex-m0plus -mthumb -mfloat-abi=soft -D__weak="__attribute__((weak))" -D__packed="__attribute__((__packed__))" -DUSE_HAL_DRIVER -DSTM32L051xx -I"C:/workspace/ac6_mars_workspace/l051workspace/fromcube/kimematics4x/l051_kinematics4x_1/Inc" -I"C:/workspace/ac6_mars_workspace/l051workspace/fromcube/kimematics4x/l051_kinematics4x_1/Drivers/STM32L0xx_HAL_Driver/Inc" -I"C:/workspace/ac6_mars_workspace/l051workspace/fromcube/kimematics4x/l051_kinematics4x_1/Drivers/STM32L0xx_HAL_Driver/Inc/Legacy" -I"C:/workspace/ac6_mars_workspace/l051workspace/fromcube/kimematics4x/l051_kinematics4x_1/Drivers/CMSIS/Include" -I"C:/workspace/ac6_mars_workspace/l051workspace/fromcube/kimematics4x/l051_kinematics4x_1/Drivers/CMSIS/Device/ST/STM32L0xx/Include"  -Os -g3 -Wall -fmessage-length=0 -ffunction-sections -c -fmessage-length=0 -MMD -MP -MF"Drivers/STM32L0xx_HAL_Driver/stm32l0xx_hal_i2c_ex.d" -MT"Drivers/STM32L0xx_HAL_Driver/stm32l0xx_hal_i2c_ex.o" -o "Drivers/STM32L0xx_HAL_Driver/stm32l0xx_hal_i2c_ex.o" "C:/workspace/ac6_mars_workspace/l051workspace/fromcube/kimematics4x/l051_kinematics4x_1/Drivers/STM32L0xx_HAL_Driver/Src/stm32l0xx_hal_i2c_ex.c"
'Finished building: C:/workspace/ac6_mars_workspace/l051workspace/fromcube/kimematics4x/l051_kinematics4x_1/Drivers/STM32L0xx_HAL_Driver/Src/stm32l0xx_hal_i2c_ex.c'
' '
'Building file: C:/workspace/ac6_mars_workspace/l051workspace/fromcube/kimematics4x/l051_kinematics4x_1/Drivers/STM32L0xx_HAL_Driver/Src/stm32l0xx_hal_pwr.c'
'Invoking: MCU GCC Compiler'
C:\workspace\ac6_mars_workspace\l051workspace\fromcube\kimematics4x\l051_kinematics4x_1\SW4STM32\l051_kinematics4x_1\Debug
arm-none-eabi-gcc -mcpu=cortex-m0plus -mthumb -mfloat-abi=soft -D__weak="__attribute__((weak))" -D__packed="__attribute__((__packed__))" -DUSE_HAL_DRIVER -DSTM32L051xx -I"C:/workspace/ac6_mars_workspace/l051workspace/fromcube/kimematics4x/l051_kinematics4x_1/Inc" -I"C:/workspace/ac6_mars_workspace/l051workspace/fromcube/kimematics4x/l051_kinematics4x_1/Drivers/STM32L0xx_HAL_Driver/Inc" -I"C:/workspace/ac6_mars_workspace/l051workspace/fromcube/kimematics4x/l051_kinematics4x_1/Drivers/STM32L0xx_HAL_Driver/Inc/Legacy" -I"C:/workspace/ac6_mars_workspace/l051workspace/fromcube/kimematics4x/l051_kinematics4x_1/Drivers/CMSIS/Include" -I"C:/workspace/ac6_mars_workspace/l051workspace/fromcube/kimematics4x/l051_kinematics4x_1/Drivers/CMSIS/Device/ST/STM32L0xx/Include"  -Os -g3 -Wall -fmessage-length=0 -ffunction-sections -c -fmessage-length=0 -MMD -MP -MF"Drivers/STM32L0xx_HAL_Driver/stm32l0xx_hal_pwr.d" -MT"Drivers/STM32L0xx_HAL_Driver/stm32l0xx_hal_pwr.o" -o "Drivers/STM32L0xx_HAL_Driver/stm32l0xx_hal_pwr.o" "C:/workspace/ac6_mars_workspace/l051workspace/fromcube/kimematics4x/l051_kinematics4x_1/Drivers/STM32L0xx_HAL_Driver/Src/stm32l0xx_hal_pwr.c"
'Finished building: C:/workspace/ac6_mars_workspace/l051workspace/fromcube/kimematics4x/l051_kinematics4x_1/Drivers/STM32L0xx_HAL_Driver/Src/stm32l0xx_hal_pwr.c'
' '
'Building file: C:/workspace/ac6_mars_workspace/l051workspace/fromcube/kimematics4x/l051_kinematics4x_1/Drivers/STM32L0xx_HAL_Driver/Src/stm32l0xx_hal_pwr_ex.c'
'Invoking: MCU GCC Compiler'
C:\workspace\ac6_mars_workspace\l051workspace\fromcube\kimematics4x\l051_kinematics4x_1\SW4STM32\l051_kinematics4x_1\Debug
arm-none-eabi-gcc -mcpu=cortex-m0plus -mthumb -mfloat-abi=soft -D__weak="__attribute__((weak))" -D__packed="__attribute__((__packed__))" -DUSE_HAL_DRIVER -DSTM32L051xx -I"C:/workspace/ac6_mars_workspace/l051workspace/fromcube/kimematics4x/l051_kinematics4x_1/Inc" -I"C:/workspace/ac6_mars_workspace/l051workspace/fromcube/kimematics4x/l051_kinematics4x_1/Drivers/STM32L0xx_HAL_Driver/Inc" -I"C:/workspace/ac6_mars_workspace/l051workspace/fromcube/kimematics4x/l051_kinematics4x_1/Drivers/STM32L0xx_HAL_Driver/Inc/Legacy" -I"C:/workspace/ac6_mars_workspace/l051workspace/fromcube/kimematics4x/l051_kinematics4x_1/Drivers/CMSIS/Include" -I"C:/workspace/ac6_mars_workspace/l051workspace/fromcube/kimematics4x/l051_kinematics4x_1/Drivers/CMSIS/Device/ST/STM32L0xx/Include"  -Os -g3 -Wall -fmessage-length=0 -ffunction-sections -c -fmessage-length=0 -MMD -MP -MF"Drivers/STM32L0xx_HAL_Driver/stm32l0xx_hal_pwr_ex.d" -MT"Drivers/STM32L0xx_HAL_Driver/stm32l0xx_hal_pwr_ex.o" -o "Drivers/STM32L0xx_HAL_Driver/stm32l0xx_hal_pwr_ex.o" "C:/workspace/ac6_mars_workspace/l051workspace/fromcube/kimematics4x/l051_kinematics4x_1/Drivers/STM32L0xx_HAL_Driver/Src/stm32l0xx_hal_pwr_ex.c"
'Finished building: C:/workspace/ac6_mars_workspace/l051workspace/fromcube/kimematics4x/l051_kinematics4x_1/Drivers/STM32L0xx_HAL_Driver/Src/stm32l0xx_hal_pwr_ex.c'
' '
'Building file: C:/workspace/ac6_mars_workspace/l051workspace/fromcube/kimematics4x/l051_kinematics4x_1/Drivers/STM32L0xx_HAL_Driver/Src/stm32l0xx_hal_rcc.c'
'Invoking: MCU GCC Compiler'
C:\workspace\ac6_mars_workspace\l051workspace\fromcube\kimematics4x\l051_kinematics4x_1\SW4STM32\l051_kinematics4x_1\Debug
arm-none-eabi-gcc -mcpu=cortex-m0plus -mthumb -mfloat-abi=soft -D__weak="__attribute__((weak))" -D__packed="__attribute__((__packed__))" -DUSE_HAL_DRIVER -DSTM32L051xx -I"C:/workspace/ac6_mars_workspace/l051workspace/fromcube/kimematics4x/l051_kinematics4x_1/Inc" -I"C:/workspace/ac6_mars_workspace/l051workspace/fromcube/kimematics4x/l051_kinematics4x_1/Drivers/STM32L0xx_HAL_Driver/Inc" -I"C:/workspace/ac6_mars_workspace/l051workspace/fromcube/kimematics4x/l051_kinematics4x_1/Drivers/STM32L0xx_HAL_Driver/Inc/Legacy" -I"C:/workspace/ac6_mars_workspace/l051workspace/fromcube/kimematics4x/l051_kinematics4x_1/Drivers/CMSIS/Include" -I"C:/workspace/ac6_mars_workspace/l051workspace/fromcube/kimematics4x/l051_kinematics4x_1/Drivers/CMSIS/Device/ST/STM32L0xx/Include"  -Os -g3 -Wall -fmessage-length=0 -ffunction-sections -c -fmessage-length=0 -MMD -MP -MF"Drivers/STM32L0xx_HAL_Driver/stm32l0xx_hal_rcc.d" -MT"Drivers/STM32L0xx_HAL_Driver/stm32l0xx_hal_rcc.o" -o "Drivers/STM32L0xx_HAL_Driver/stm32l0xx_hal_rcc.o" "C:/workspace/ac6_mars_workspace/l051workspace/fromcube/kimematics4x/l051_kinematics4x_1/Drivers/STM32L0xx_HAL_Driver/Src/stm32l0xx_hal_rcc.c"
'Finished building: C:/workspace/ac6_mars_workspace/l051workspace/fromcube/kimematics4x/l051_kinematics4x_1/Drivers/STM32L0xx_HAL_Driver/Src/stm32l0xx_hal_rcc.c'
' '
'Building file: C:/workspace/ac6_mars_workspace/l051workspace/fromcube/kimematics4x/l051_kinematics4x_1/Drivers/STM32L0xx_HAL_Driver/Src/stm32l0xx_hal_rcc_ex.c'
'Invoking: MCU GCC Compiler'
C:\workspace\ac6_mars_workspace\l051workspace\fromcube\kimematics4x\l051_kinematics4x_1\SW4STM32\l051_kinematics4x_1\Debug
arm-none-eabi-gcc -mcpu=cortex-m0plus -mthumb -mfloat-abi=soft -D__weak="__attribute__((weak))" -D__packed="__attribute__((__packed__))" -DUSE_HAL_DRIVER -DSTM32L051xx -I"C:/workspace/ac6_mars_workspace/l051workspace/fromcube/kimematics4x/l051_kinematics4x_1/Inc" -I"C:/workspace/ac6_mars_workspace/l051workspace/fromcube/kimematics4x/l051_kinematics4x_1/Drivers/STM32L0xx_HAL_Driver/Inc" -I"C:/workspace/ac6_mars_workspace/l051workspace/fromcube/kimematics4x/l051_kinematics4x_1/Drivers/STM32L0xx_HAL_Driver/Inc/Legacy" -I"C:/workspace/ac6_mars_workspace/l051workspace/fromcube/kimematics4x/l051_kinematics4x_1/Drivers/CMSIS/Include" -I"C:/workspace/ac6_mars_workspace/l051workspace/fromcube/kimematics4x/l051_kinematics4x_1/Drivers/CMSIS/Device/ST/STM32L0xx/Include"  -Os -g3 -Wall -fmessage-length=0 -ffunction-sections -c -fmessage-length=0 -MMD -MP -MF"Drivers/STM32L0xx_HAL_Driver/stm32l0xx_hal_rcc_ex.d" -MT"Drivers/STM32L0xx_HAL_Driver/stm32l0xx_hal_rcc_ex.o" -o "Drivers/STM32L0xx_HAL_Driver/stm32l0xx_hal_rcc_ex.o" "C:/workspace/ac6_mars_workspace/l051workspace/fromcube/kimematics4x/l051_kinematics4x_1/Drivers/STM32L0xx_HAL_Driver/Src/stm32l0xx_hal_rcc_ex.c"
'Finished building: C:/workspace/ac6_mars_workspace/l051workspace/fromcube/kimematics4x/l051_kinematics4x_1/Drivers/STM32L0xx_HAL_Driver/Src/stm32l0xx_hal_rcc_ex.c'
' '
'Building file: C:/workspace/ac6_mars_workspace/l051workspace/fromcube/kimematics4x/l051_kinematics4x_1/Drivers/STM32L0xx_HAL_Driver/Src/stm32l0xx_hal_rtc.c'
'Invoking: MCU GCC Compiler'
C:\workspace\ac6_mars_workspace\l051workspace\fromcube\kimematics4x\l051_kinematics4x_1\SW4STM32\l051_kinematics4x_1\Debug
arm-none-eabi-gcc -mcpu=cortex-m0plus -mthumb -mfloat-abi=soft -D__weak="__attribute__((weak))" -D__packed="__attribute__((__packed__))" -DUSE_HAL_DRIVER -DSTM32L051xx -I"C:/workspace/ac6_mars_workspace/l051workspace/fromcube/kimematics4x/l051_kinematics4x_1/Inc" -I"C:/workspace/ac6_mars_workspace/l051workspace/fromcube/kimematics4x/l051_kinematics4x_1/Drivers/STM32L0xx_HAL_Driver/Inc" -I"C:/workspace/ac6_mars_workspace/l051workspace/fromcube/kimematics4x/l051_kinematics4x_1/Drivers/STM32L0xx_HAL_Driver/Inc/Legacy" -I"C:/workspace/ac6_mars_workspace/l051workspace/fromcube/kimematics4x/l051_kinematics4x_1/Drivers/CMSIS/Include" -I"C:/workspace/ac6_mars_workspace/l051workspace/fromcube/kimematics4x/l051_kinematics4x_1/Drivers/CMSIS/Device/ST/STM32L0xx/Include"  -Os -g3 -Wall -fmessage-length=0 -ffunction-sections -c -fmessage-length=0 -MMD -MP -MF"Drivers/STM32L0xx_HAL_Driver/stm32l0xx_hal_rtc.d" -MT"Drivers/STM32L0xx_HAL_Driver/stm32l0xx_hal_rtc.o" -o "Drivers/STM32L0xx_HAL_Driver/stm32l0xx_hal_rtc.o" "C:/workspace/ac6_mars_workspace/l051workspace/fromcube/kimematics4x/l051_kinematics4x_1/Drivers/STM32L0xx_HAL_Driver/Src/stm32l0xx_hal_rtc.c"
'Finished building: C:/workspace/ac6_mars_workspace/l051workspace/fromcube/kimematics4x/l051_kinematics4x_1/Drivers/STM32L0xx_HAL_Driver/Src/stm32l0xx_hal_rtc.c'
' '
'Building file: C:/workspace/ac6_mars_workspace/l051workspace/fromcube/kimematics4x/l051_kinematics4x_1/Drivers/STM32L0xx_HAL_Driver/Src/stm32l0xx_hal_rtc_ex.c'
'Invoking: MCU GCC Compiler'
C:\workspace\ac6_mars_workspace\l051workspace\fromcube\kimematics4x\l051_kinematics4x_1\SW4STM32\l051_kinematics4x_1\Debug
arm-none-eabi-gcc -mcpu=cortex-m0plus -mthumb -mfloat-abi=soft -D__weak="__attribute__((weak))" -D__packed="__attribute__((__packed__))" -DUSE_HAL_DRIVER -DSTM32L051xx -I"C:/workspace/ac6_mars_workspace/l051workspace/fromcube/kimematics4x/l051_kinematics4x_1/Inc" -I"C:/workspace/ac6_mars_workspace/l051workspace/fromcube/kimematics4x/l051_kinematics4x_1/Drivers/STM32L0xx_HAL_Driver/Inc" -I"C:/workspace/ac6_mars_workspace/l051workspace/fromcube/kimematics4x/l051_kinematics4x_1/Drivers/STM32L0xx_HAL_Driver/Inc/Legacy" -I"C:/workspace/ac6_mars_workspace/l051workspace/fromcube/kimematics4x/l051_kinematics4x_1/Drivers/CMSIS/Include" -I"C:/workspace/ac6_mars_workspace/l051workspace/fromcube/kimematics4x/l051_kinematics4x_1/Drivers/CMSIS/Device/ST/STM32L0xx/Include"  -Os -g3 -Wall -fmessage-length=0 -ffunction-sections -c -fmessage-length=0 -MMD -MP -MF"Drivers/STM32L0xx_HAL_Driver/stm32l0xx_hal_rtc_ex.d" -MT"Drivers/STM32L0xx_HAL_Driver/stm32l0xx_hal_rtc_ex.o" -o "Drivers/STM32L0xx_HAL_Driver/stm32l0xx_hal_rtc_ex.o" "C:/workspace/ac6_mars_workspace/l051workspace/fromcube/kimematics4x/l051_kinematics4x_1/Drivers/STM32L0xx_HAL_Driver/Src/stm32l0xx_hal_rtc_ex.c"
'Finished building: C:/workspace/ac6_mars_workspace/l051workspace/fromcube/kimematics4x/l051_kinematics4x_1/Drivers/STM32L0xx_HAL_Driver/Src/stm32l0xx_hal_rtc_ex.c'
' '
'Building file: C:/workspace/ac6_mars_workspace/l051workspace/fromcube/kimematics4x/l051_kinematics4x_1/Drivers/STM32L0xx_HAL_Driver/Src/stm32l0xx_hal_spi.c'
'Invoking: MCU GCC Compiler'
C:\workspace\ac6_mars_workspace\l051workspace\fromcube\kimematics4x\l051_kinematics4x_1\SW4STM32\l051_kinematics4x_1\Debug
arm-none-eabi-gcc -mcpu=cortex-m0plus -mthumb -mfloat-abi=soft -D__weak="__attribute__((weak))" -D__packed="__attribute__((__packed__))" -DUSE_HAL_DRIVER -DSTM32L051xx -I"C:/workspace/ac6_mars_workspace/l051workspace/fromcube/kimematics4x/l051_kinematics4x_1/Inc" -I"C:/workspace/ac6_mars_workspace/l051workspace/fromcube/kimematics4x/l051_kinematics4x_1/Drivers/STM32L0xx_HAL_Driver/Inc" -I"C:/workspace/ac6_mars_workspace/l051workspace/fromcube/kimematics4x/l051_kinematics4x_1/Drivers/STM32L0xx_HAL_Driver/Inc/Legacy" -I"C:/workspace/ac6_mars_workspace/l051workspace/fromcube/kimematics4x/l051_kinematics4x_1/Drivers/CMSIS/Include" -I"C:/workspace/ac6_mars_workspace/l051workspace/fromcube/kimematics4x/l051_kinematics4x_1/Drivers/CMSIS/Device/ST/STM32L0xx/Include"  -Os -g3 -Wall -fmessage-length=0 -ffunction-sections -c -fmessage-length=0 -MMD -MP -MF"Drivers/STM32L0xx_HAL_Driver/stm32l0xx_hal_spi.d" -MT"Drivers/STM32L0xx_HAL_Driver/stm32l0xx_hal_spi.o" -o "Drivers/STM32L0xx_HAL_Driver/stm32l0xx_hal_spi.o" "C:/workspace/ac6_mars_workspace/l051workspace/fromcube/kimematics4x/l051_kinematics4x_1/Drivers/STM32L0xx_HAL_Driver/Src/stm32l0xx_hal_spi.c"
'Finished building: C:/workspace/ac6_mars_workspace/l051workspace/fromcube/kimematics4x/l051_kinematics4x_1/Drivers/STM32L0xx_HAL_Driver/Src/stm32l0xx_hal_spi.c'
' '
'Building file: C:/workspace/ac6_mars_workspace/l051workspace/fromcube/kimematics4x/l051_kinematics4x_1/Drivers/STM32L0xx_HAL_Driver/Src/stm32l0xx_hal_tim.c'
'Invoking: MCU GCC Compiler'
C:\workspace\ac6_mars_workspace\l051workspace\fromcube\kimematics4x\l051_kinematics4x_1\SW4STM32\l051_kinematics4x_1\Debug
arm-none-eabi-gcc -mcpu=cortex-m0plus -mthumb -mfloat-abi=soft -D__weak="__attribute__((weak))" -D__packed="__attribute__((__packed__))" -DUSE_HAL_DRIVER -DSTM32L051xx -I"C:/workspace/ac6_mars_workspace/l051workspace/fromcube/kimematics4x/l051_kinematics4x_1/Inc" -I"C:/workspace/ac6_mars_workspace/l051workspace/fromcube/kimematics4x/l051_kinematics4x_1/Drivers/STM32L0xx_HAL_Driver/Inc" -I"C:/workspace/ac6_mars_workspace/l051workspace/fromcube/kimematics4x/l051_kinematics4x_1/Drivers/STM32L0xx_HAL_Driver/Inc/Legacy" -I"C:/workspace/ac6_mars_workspace/l051workspace/fromcube/kimematics4x/l051_kinematics4x_1/Drivers/CMSIS/Include" -I"C:/workspace/ac6_mars_workspace/l051workspace/fromcube/kimematics4x/l051_kinematics4x_1/Drivers/CMSIS/Device/ST/STM32L0xx/Include"  -Os -g3 -Wall -fmessage-length=0 -ffunction-sections -c -fmessage-length=0 -MMD -MP -MF"Drivers/STM32L0xx_HAL_Driver/stm32l0xx_hal_tim.d" -MT"Drivers/STM32L0xx_HAL_Driver/stm32l0xx_hal_tim.o" -o "Drivers/STM32L0xx_HAL_Driver/stm32l0xx_hal_tim.o" "C:/workspace/ac6_mars_workspace/l051workspace/fromcube/kimematics4x/l051_kinematics4x_1/Drivers/STM32L0xx_HAL_Driver/Src/stm32l0xx_hal_tim.c"
'Finished building: C:/workspace/ac6_mars_workspace/l051workspace/fromcube/kimematics4x/l051_kinematics4x_1/Drivers/STM32L0xx_HAL_Driver/Src/stm32l0xx_hal_tim.c'
' '
'Building file: C:/workspace/ac6_mars_workspace/l051workspace/fromcube/kimematics4x/l051_kinematics4x_1/Drivers/STM32L0xx_HAL_Driver/Src/stm32l0xx_hal_tim_ex.c'
'Invoking: MCU GCC Compiler'
C:\workspace\ac6_mars_workspace\l051workspace\fromcube\kimematics4x\l051_kinematics4x_1\SW4STM32\l051_kinematics4x_1\Debug
arm-none-eabi-gcc -mcpu=cortex-m0plus -mthumb -mfloat-abi=soft -D__weak="__attribute__((weak))" -D__packed="__attribute__((__packed__))" -DUSE_HAL_DRIVER -DSTM32L051xx -I"C:/workspace/ac6_mars_workspace/l051workspace/fromcube/kimematics4x/l051_kinematics4x_1/Inc" -I"C:/workspace/ac6_mars_workspace/l051workspace/fromcube/kimematics4x/l051_kinematics4x_1/Drivers/STM32L0xx_HAL_Driver/Inc" -I"C:/workspace/ac6_mars_workspace/l051workspace/fromcube/kimematics4x/l051_kinematics4x_1/Drivers/STM32L0xx_HAL_Driver/Inc/Legacy" -I"C:/workspace/ac6_mars_workspace/l051workspace/fromcube/kimematics4x/l051_kinematics4x_1/Drivers/CMSIS/Include" -I"C:/workspace/ac6_mars_workspace/l051workspace/fromcube/kimematics4x/l051_kinematics4x_1/Drivers/CMSIS/Device/ST/STM32L0xx/Include"  -Os -g3 -Wall -fmessage-length=0 -ffunction-sections -c -fmessage-length=0 -MMD -MP -MF"Drivers/STM32L0xx_HAL_Driver/stm32l0xx_hal_tim_ex.d" -MT"Drivers/STM32L0xx_HAL_Driver/stm32l0xx_hal_tim_ex.o" -o "Drivers/STM32L0xx_HAL_Driver/stm32l0xx_hal_tim_ex.o" "C:/workspace/ac6_mars_workspace/l051workspace/fromcube/kimematics4x/l051_kinematics4x_1/Drivers/STM32L0xx_HAL_Driver/Src/stm32l0xx_hal_tim_ex.c"
'Finished building: C:/workspace/ac6_mars_workspace/l051workspace/fromcube/kimematics4x/l051_kinematics4x_1/Drivers/STM32L0xx_HAL_Driver/Src/stm32l0xx_hal_tim_ex.c'
' '
'Building file: C:/workspace/ac6_mars_workspace/l051workspace/fromcube/kimematics4x/l051_kinematics4x_1/Drivers/STM32L0xx_HAL_Driver/Src/stm32l0xx_hal_uart.c'
'Invoking: MCU GCC Compiler'
C:\workspace\ac6_mars_workspace\l051workspace\fromcube\kimematics4x\l051_kinematics4x_1\SW4STM32\l051_kinematics4x_1\Debug
arm-none-eabi-gcc -mcpu=cortex-m0plus -mthumb -mfloat-abi=soft -D__weak="__attribute__((weak))" -D__packed="__attribute__((__packed__))" -DUSE_HAL_DRIVER -DSTM32L051xx -I"C:/workspace/ac6_mars_workspace/l051workspace/fromcube/kimematics4x/l051_kinematics4x_1/Inc" -I"C:/workspace/ac6_mars_workspace/l051workspace/fromcube/kimematics4x/l051_kinematics4x_1/Drivers/STM32L0xx_HAL_Driver/Inc" -I"C:/workspace/ac6_mars_workspace/l051workspace/fromcube/kimematics4x/l051_kinematics4x_1/Drivers/STM32L0xx_HAL_Driver/Inc/Legacy" -I"C:/workspace/ac6_mars_workspace/l051workspace/fromcube/kimematics4x/l051_kinematics4x_1/Drivers/CMSIS/Include" -I"C:/workspace/ac6_mars_workspace/l051workspace/fromcube/kimematics4x/l051_kinematics4x_1/Drivers/CMSIS/Device/ST/STM32L0xx/Include"  -Os -g3 -Wall -fmessage-length=0 -ffunction-sections -c -fmessage-length=0 -MMD -MP -MF"Drivers/STM32L0xx_HAL_Driver/stm32l0xx_hal_uart.d" -MT"Drivers/STM32L0xx_HAL_Driver/stm32l0xx_hal_uart.o" -o "Drivers/STM32L0xx_HAL_Driver/stm32l0xx_hal_uart.o" "C:/workspace/ac6_mars_workspace/l051workspace/fromcube/kimematics4x/l051_kinematics4x_1/Drivers/STM32L0xx_HAL_Driver/Src/stm32l0xx_hal_uart.c"
'Finished building: C:/workspace/ac6_mars_workspace/l051workspace/fromcube/kimematics4x/l051_kinematics4x_1/Drivers/STM32L0xx_HAL_Driver/Src/stm32l0xx_hal_uart.c'
' '
'Building file: C:/workspace/ac6_mars_workspace/l051workspace/fromcube/kimematics4x/l051_kinematics4x_1/Drivers/STM32L0xx_HAL_Driver/Src/stm32l0xx_hal_uart_ex.c'
'Invoking: MCU GCC Compiler'
C:\workspace\ac6_mars_workspace\l051workspace\fromcube\kimematics4x\l051_kinematics4x_1\SW4STM32\l051_kinematics4x_1\Debug
arm-none-eabi-gcc -mcpu=cortex-m0plus -mthumb -mfloat-abi=soft -D__weak="__attribute__((weak))" -D__packed="__attribute__((__packed__))" -DUSE_HAL_DRIVER -DSTM32L051xx -I"C:/workspace/ac6_mars_workspace/l051workspace/fromcube/kimematics4x/l051_kinematics4x_1/Inc" -I"C:/workspace/ac6_mars_workspace/l051workspace/fromcube/kimematics4x/l051_kinematics4x_1/Drivers/STM32L0xx_HAL_Driver/Inc" -I"C:/workspace/ac6_mars_workspace/l051workspace/fromcube/kimematics4x/l051_kinematics4x_1/Drivers/STM32L0xx_HAL_Driver/Inc/Legacy" -I"C:/workspace/ac6_mars_workspace/l051workspace/fromcube/kimematics4x/l051_kinematics4x_1/Drivers/CMSIS/Include" -I"C:/workspace/ac6_mars_workspace/l051workspace/fromcube/kimematics4x/l051_kinematics4x_1/Drivers/CMSIS/Device/ST/STM32L0xx/Include"  -Os -g3 -Wall -fmessage-length=0 -ffunction-sections -c -fmessage-length=0 -MMD -MP -MF"Drivers/STM32L0xx_HAL_Driver/stm32l0xx_hal_uart_ex.d" -MT"Drivers/STM32L0xx_HAL_Driver/stm32l0xx_hal_uart_ex.o" -o "Drivers/STM32L0xx_HAL_Driver/stm32l0xx_hal_uart_ex.o" "C:/workspace/ac6_mars_workspace/l051workspace/fromcube/kimematics4x/l051_kinematics4x_1/Drivers/STM32L0xx_HAL_Driver/Src/stm32l0xx_hal_uart_ex.c"
'Finished building: C:/workspace/ac6_mars_workspace/l051workspace/fromcube/kimematics4x/l051_kinematics4x_1/Drivers/STM32L0xx_HAL_Driver/Src/stm32l0xx_hal_uart_ex.c'
' '
'Building file: C:/workspace/ac6_mars_workspace/l051workspace/fromcube/kimematics4x/l051_kinematics4x_1/Drivers/CMSIS/Device/ST/STM32L0xx/Source/Templates/system_stm32l0xx.c'
'Invoking: MCU GCC Compiler'
C:\workspace\ac6_mars_workspace\l051workspace\fromcube\kimematics4x\l051_kinematics4x_1\SW4STM32\l051_kinematics4x_1\Debug
arm-none-eabi-gcc -mcpu=cortex-m0plus -mthumb -mfloat-abi=soft -D__weak="__attribute__((weak))" -D__packed="__attribute__((__packed__))" -DUSE_HAL_DRIVER -DSTM32L051xx -I"C:/workspace/ac6_mars_workspace/l051workspace/fromcube/kimematics4x/l051_kinematics4x_1/Inc" -I"C:/workspace/ac6_mars_workspace/l051workspace/fromcube/kimematics4x/l051_kinematics4x_1/Drivers/STM32L0xx_HAL_Driver/Inc" -I"C:/workspace/ac6_mars_workspace/l051workspace/fromcube/kimematics4x/l051_kinematics4x_1/Drivers/STM32L0xx_HAL_Driver/Inc/Legacy" -I"C:/workspace/ac6_mars_workspace/l051workspace/fromcube/kimematics4x/l051_kinematics4x_1/Drivers/CMSIS/Include" -I"C:/workspace/ac6_mars_workspace/l051workspace/fromcube/kimematics4x/l051_kinematics4x_1/Drivers/CMSIS/Device/ST/STM32L0xx/Include"  -Os -g3 -Wall -fmessage-length=0 -ffunction-sections -c -fmessage-length=0 -MMD -MP -MF"Drivers/CMSIS/system_stm32l0xx.d" -MT"Drivers/CMSIS/system_stm32l0xx.o" -o "Drivers/CMSIS/system_stm32l0xx.o" "C:/workspace/ac6_mars_workspace/l051workspace/fromcube/kimematics4x/l051_kinematics4x_1/Drivers/CMSIS/Device/ST/STM32L0xx/Source/Templates/system_stm32l0xx.c"
'Finished building: C:/workspace/ac6_mars_workspace/l051workspace/fromcube/kimematics4x/l051_kinematics4x_1/Drivers/CMSIS/Device/ST/STM32L0xx/Source/Templates/system_stm32l0xx.c'
' '
'Building file: C:/workspace/ac6_mars_workspace/l051workspace/fromcube/kimematics4x/l051_kinematics4x_1/Src/gpio.c'
'Invoking: MCU GCC Compiler'
C:\workspace\ac6_mars_workspace\l051workspace\fromcube\kimematics4x\l051_kinematics4x_1\SW4STM32\l051_kinematics4x_1\Debug
arm-none-eabi-gcc -mcpu=cortex-m0plus -mthumb -mfloat-abi=soft -D__weak="__attribute__((weak))" -D__packed="__attribute__((__packed__))" -DUSE_HAL_DRIVER -DSTM32L051xx -I"C:/workspace/ac6_mars_workspace/l051workspace/fromcube/kimematics4x/l051_kinematics4x_1/Inc" -I"C:/workspace/ac6_mars_workspace/l051workspace/fromcube/kimematics4x/l051_kinematics4x_1/Drivers/STM32L0xx_HAL_Driver/Inc" -I"C:/workspace/ac6_mars_workspace/l051workspace/fromcube/kimematics4x/l051_kinematics4x_1/Drivers/STM32L0xx_HAL_Driver/Inc/Legacy" -I"C:/workspace/ac6_mars_workspace/l051workspace/fromcube/kimematics4x/l051_kinematics4x_1/Drivers/CMSIS/Include" -I"C:/workspace/ac6_mars_workspace/l051workspace/fromcube/kimematics4x/l051_kinematics4x_1/Drivers/CMSIS/Device/ST/STM32L0xx/Include"  -Os -g3 -Wall -fmessage-length=0 -ffunction-sections -c -fmessage-length=0 -MMD -MP -MF"Application/User/gpio.d" -MT"Application/User/gpio.o" -o "Application/User/gpio.o" "C:/workspace/ac6_mars_workspace/l051workspace/fromcube/kimematics4x/l051_kinematics4x_1/Src/gpio.c"
'Finished building: C:/workspace/ac6_mars_workspace/l051workspace/fromcube/kimematics4x/l051_kinematics4x_1/Src/gpio.c'
' '
'Building file: C:/workspace/ac6_mars_workspace/l051workspace/fromcube/kimematics4x/l051_kinematics4x_1/Src/main.c'
'Invoking: MCU GCC Compiler'
C:\workspace\ac6_mars_workspace\l051workspace\fromcube\kimematics4x\l051_kinematics4x_1\SW4STM32\l051_kinematics4x_1\Debug
arm-none-eabi-gcc -mcpu=cortex-m0plus -mthumb -mfloat-abi=soft -D__weak="__attribute__((weak))" -D__packed="__attribute__((__packed__))" -DUSE_HAL_DRIVER -DSTM32L051xx -I"C:/workspace/ac6_mars_workspace/l051workspace/fromcube/kimematics4x/l051_kinematics4x_1/Inc" -I"C:/workspace/ac6_mars_workspace/l051workspace/fromcube/kimematics4x/l051_kinematics4x_1/Drivers/STM32L0xx_HAL_Driver/Inc" -I"C:/workspace/ac6_mars_workspace/l051workspace/fromcube/kimematics4x/l051_kinematics4x_1/Drivers/STM32L0xx_HAL_Driver/Inc/Legacy" -I"C:/workspace/ac6_mars_workspace/l051workspace/fromcube/kimematics4x/l051_kinematics4x_1/Drivers/CMSIS/Include" -I"C:/workspace/ac6_mars_workspace/l051workspace/fromcube/kimematics4x/l051_kinematics4x_1/Drivers/CMSIS/Device/ST/STM32L0xx/Include"  -Os -g3 -Wall -fmessage-length=0 -ffunction-sections -c -fmessage-length=0 -MMD -MP -MF"Application/User/main.d" -MT"Application/User/main.o" -o "Application/User/main.o" "C:/workspace/ac6_mars_workspace/l051workspace/fromcube/kimematics4x/l051_kinematics4x_1/Src/main.c"
C:/workspace/ac6_mars_workspace/l051workspace/fromcube/kimematics4x/l051_kinematics4x_1/Src/main.c:58:23: warning: initialization from incompatible pointer type [-Wincompatible-pointer-types]
 int32_t *out_buffer = (uint16_t *)buffer0;
                       ^
C:/workspace/ac6_mars_workspace/l051workspace/fromcube/kimematics4x/l051_kinematics4x_1/Src/main.c:59:24: warning: initialization from incompatible pointer type [-Wincompatible-pointer-types]
 int32_t *fill_buffer = (uint16_t *)buffer1;
                        ^
C:/workspace/ac6_mars_workspace/l051workspace/fromcube/kimematics4x/l051_kinematics4x_1/Src/main.c: In function 'chipselhigh':
C:/workspace/ac6_mars_workspace/l051workspace/fromcube/kimematics4x/l051_kinematics4x_1/Src/main.c:94:9: warning: unused variable 'i' [-Wunused-variable]
     int i;
         ^
C:/workspace/ac6_mars_workspace/l051workspace/fromcube/kimematics4x/l051_kinematics4x_1/Src/main.c: In function 'write_byte':
C:/workspace/ac6_mars_workspace/l051workspace/fromcube/kimematics4x/l051_kinematics4x_1/Src/main.c:127:14: warning: variable 'read_data' set but not used [-Wunused-but-set-variable]
     uint16_t read_data;
              ^
C:/workspace/ac6_mars_workspace/l051workspace/fromcube/kimematics4x/l051_kinematics4x_1/Src/main.c: In function 'main':
C:/workspace/ac6_mars_workspace/l051workspace/fromcube/kimematics4x/l051_kinematics4x_1/Src/main.c:466:27: warning: initialization from incompatible pointer type [-Wincompatible-pointer-types]
   uint16_t *aux_pointer = out_buffer;
                           ^
C:/workspace/ac6_mars_workspace/l051workspace/fromcube/kimematics4x/l051_kinematics4x_1/Src/main.c:468:15: warning: assignment from incompatible pointer type [-Wincompatible-pointer-types]
   fill_buffer = aux_pointer;
               ^
C:/workspace/ac6_mars_workspace/l051workspace/fromcube/kimematics4x/l051_kinematics4x_1/Src/main.c:416:10: warning: unused variable 'spi2_in_data' [-Wunused-variable]
  uint8_t spi2_in_data = 0x55;
          ^
C:/workspace/ac6_mars_workspace/l051workspace/fromcube/kimematics4x/l051_kinematics4x_1/Src/main.c:415:6: warning: unused variable 'counter' [-Wunused-variable]
  int counter = 0;
      ^
'Finished building: C:/workspace/ac6_mars_workspace/l051workspace/fromcube/kimematics4x/l051_kinematics4x_1/Src/main.c'
' '
'Building file: C:/workspace/ac6_mars_workspace/l051workspace/fromcube/kimematics4x/l051_kinematics4x_1/Src/spi.c'
'Invoking: MCU GCC Compiler'
C:\workspace\ac6_mars_workspace\l051workspace\fromcube\kimematics4x\l051_kinematics4x_1\SW4STM32\l051_kinematics4x_1\Debug
arm-none-eabi-gcc -mcpu=cortex-m0plus -mthumb -mfloat-abi=soft -D__weak="__attribute__((weak))" -D__packed="__attribute__((__packed__))" -DUSE_HAL_DRIVER -DSTM32L051xx -I"C:/workspace/ac6_mars_workspace/l051workspace/fromcube/kimematics4x/l051_kinematics4x_1/Inc" -I"C:/workspace/ac6_mars_workspace/l051workspace/fromcube/kimematics4x/l051_kinematics4x_1/Drivers/STM32L0xx_HAL_Driver/Inc" -I"C:/workspace/ac6_mars_workspace/l051workspace/fromcube/kimematics4x/l051_kinematics4x_1/Drivers/STM32L0xx_HAL_Driver/Inc/Legacy" -I"C:/workspace/ac6_mars_workspace/l051workspace/fromcube/kimematics4x/l051_kinematics4x_1/Drivers/CMSIS/Include" -I"C:/workspace/ac6_mars_workspace/l051workspace/fromcube/kimematics4x/l051_kinematics4x_1/Drivers/CMSIS/Device/ST/STM32L0xx/Include"  -Os -g3 -Wall -fmessage-length=0 -ffunction-sections -c -fmessage-length=0 -MMD -MP -MF"Application/User/spi.d" -MT"Application/User/spi.o" -o "Application/User/spi.o" "C:/workspace/ac6_mars_workspace/l051workspace/fromcube/kimematics4x/l051_kinematics4x_1/Src/spi.c"
'Finished building: C:/workspace/ac6_mars_workspace/l051workspace/fromcube/kimematics4x/l051_kinematics4x_1/Src/spi.c'
' '
'Building file: C:/workspace/ac6_mars_workspace/l051workspace/fromcube/kimematics4x/l051_kinematics4x_1/Src/stm32l0xx_hal_msp.c'
'Invoking: MCU GCC Compiler'
C:\workspace\ac6_mars_workspace\l051workspace\fromcube\kimematics4x\l051_kinematics4x_1\SW4STM32\l051_kinematics4x_1\Debug
arm-none-eabi-gcc -mcpu=cortex-m0plus -mthumb -mfloat-abi=soft -D__weak="__attribute__((weak))" -D__packed="__attribute__((__packed__))" -DUSE_HAL_DRIVER -DSTM32L051xx -I"C:/workspace/ac6_mars_workspace/l051workspace/fromcube/kimematics4x/l051_kinematics4x_1/Inc" -I"C:/workspace/ac6_mars_workspace/l051workspace/fromcube/kimematics4x/l051_kinematics4x_1/Drivers/STM32L0xx_HAL_Driver/Inc" -I"C:/workspace/ac6_mars_workspace/l051workspace/fromcube/kimematics4x/l051_kinematics4x_1/Drivers/STM32L0xx_HAL_Driver/Inc/Legacy" -I"C:/workspace/ac6_mars_workspace/l051workspace/fromcube/kimematics4x/l051_kinematics4x_1/Drivers/CMSIS/Include" -I"C:/workspace/ac6_mars_workspace/l051workspace/fromcube/kimematics4x/l051_kinematics4x_1/Drivers/CMSIS/Device/ST/STM32L0xx/Include"  -Os -g3 -Wall -fmessage-length=0 -ffunction-sections -c -fmessage-length=0 -MMD -MP -MF"Application/User/stm32l0xx_hal_msp.d" -MT"Application/User/stm32l0xx_hal_msp.o" -o "Application/User/stm32l0xx_hal_msp.o" "C:/workspace/ac6_mars_workspace/l051workspace/fromcube/kimematics4x/l051_kinematics4x_1/Src/stm32l0xx_hal_msp.c"
'Finished building: C:/workspace/ac6_mars_workspace/l051workspace/fromcube/kimematics4x/l051_kinematics4x_1/Src/stm32l0xx_hal_msp.c'
' '
'Building file: C:/workspace/ac6_mars_workspace/l051workspace/fromcube/kimematics4x/l051_kinematics4x_1/Src/stm32l0xx_it.c'
'Invoking: MCU GCC Compiler'
C:\workspace\ac6_mars_workspace\l051workspace\fromcube\kimematics4x\l051_kinematics4x_1\SW4STM32\l051_kinematics4x_1\Debug
arm-none-eabi-gcc -mcpu=cortex-m0plus -mthumb -mfloat-abi=soft -D__weak="__attribute__((weak))" -D__packed="__attribute__((__packed__))" -DUSE_HAL_DRIVER -DSTM32L051xx -I"C:/workspace/ac6_mars_workspace/l051workspace/fromcube/kimematics4x/l051_kinematics4x_1/Inc" -I"C:/workspace/ac6_mars_workspace/l051workspace/fromcube/kimematics4x/l051_kinematics4x_1/Drivers/STM32L0xx_HAL_Driver/Inc" -I"C:/workspace/ac6_mars_workspace/l051workspace/fromcube/kimematics4x/l051_kinematics4x_1/Drivers/STM32L0xx_HAL_Driver/Inc/Legacy" -I"C:/workspace/ac6_mars_workspace/l051workspace/fromcube/kimematics4x/l051_kinematics4x_1/Drivers/CMSIS/Include" -I"C:/workspace/ac6_mars_workspace/l051workspace/fromcube/kimematics4x/l051_kinematics4x_1/Drivers/CMSIS/Device/ST/STM32L0xx/Include"  -Os -g3 -Wall -fmessage-length=0 -ffunction-sections -c -fmessage-length=0 -MMD -MP -MF"Application/User/stm32l0xx_it.d" -MT"Application/User/stm32l0xx_it.o" -o "Application/User/stm32l0xx_it.o" "C:/workspace/ac6_mars_workspace/l051workspace/fromcube/kimematics4x/l051_kinematics4x_1/Src/stm32l0xx_it.c"
'Finished building: C:/workspace/ac6_mars_workspace/l051workspace/fromcube/kimematics4x/l051_kinematics4x_1/Src/stm32l0xx_it.c'
' '
'Building file: C:/workspace/ac6_mars_workspace/l051workspace/fromcube/kimematics4x/l051_kinematics4x_1/Src/tim.c'
'Invoking: MCU GCC Compiler'
C:\workspace\ac6_mars_workspace\l051workspace\fromcube\kimematics4x\l051_kinematics4x_1\SW4STM32\l051_kinematics4x_1\Debug
arm-none-eabi-gcc -mcpu=cortex-m0plus -mthumb -mfloat-abi=soft -D__weak="__attribute__((weak))" -D__packed="__attribute__((__packed__))" -DUSE_HAL_DRIVER -DSTM32L051xx -I"C:/workspace/ac6_mars_workspace/l051workspace/fromcube/kimematics4x/l051_kinematics4x_1/Inc" -I"C:/workspace/ac6_mars_workspace/l051workspace/fromcube/kimematics4x/l051_kinematics4x_1/Drivers/STM32L0xx_HAL_Driver/Inc" -I"C:/workspace/ac6_mars_workspace/l051workspace/fromcube/kimematics4x/l051_kinematics4x_1/Drivers/STM32L0xx_HAL_Driver/Inc/Legacy" -I"C:/workspace/ac6_mars_workspace/l051workspace/fromcube/kimematics4x/l051_kinematics4x_1/Drivers/CMSIS/Include" -I"C:/workspace/ac6_mars_workspace/l051workspace/fromcube/kimematics4x/l051_kinematics4x_1/Drivers/CMSIS/Device/ST/STM32L0xx/Include"  -Os -g3 -Wall -fmessage-length=0 -ffunction-sections -c -fmessage-length=0 -MMD -MP -MF"Application/User/tim.d" -MT"Application/User/tim.o" -o "Application/User/tim.o" "C:/workspace/ac6_mars_workspace/l051workspace/fromcube/kimematics4x/l051_kinematics4x_1/Src/tim.c"
'Finished building: C:/workspace/ac6_mars_workspace/l051workspace/fromcube/kimematics4x/l051_kinematics4x_1/Src/tim.c'
' '
'Building file: C:/workspace/ac6_mars_workspace/l051workspace/fromcube/kimematics4x/l051_kinematics4x_1/Src/usart.c'
'Invoking: MCU GCC Compiler'
C:\workspace\ac6_mars_workspace\l051workspace\fromcube\kimematics4x\l051_kinematics4x_1\SW4STM32\l051_kinematics4x_1\Debug
arm-none-eabi-gcc -mcpu=cortex-m0plus -mthumb -mfloat-abi=soft -D__weak="__attribute__((weak))" -D__packed="__attribute__((__packed__))" -DUSE_HAL_DRIVER -DSTM32L051xx -I"C:/workspace/ac6_mars_workspace/l051workspace/fromcube/kimematics4x/l051_kinematics4x_1/Inc" -I"C:/workspace/ac6_mars_workspace/l051workspace/fromcube/kimematics4x/l051_kinematics4x_1/Drivers/STM32L0xx_HAL_Driver/Inc" -I"C:/workspace/ac6_mars_workspace/l051workspace/fromcube/kimematics4x/l051_kinematics4x_1/Drivers/STM32L0xx_HAL_Driver/Inc/Legacy" -I"C:/workspace/ac6_mars_workspace/l051workspace/fromcube/kimematics4x/l051_kinematics4x_1/Drivers/CMSIS/Include" -I"C:/workspace/ac6_mars_workspace/l051workspace/fromcube/kimematics4x/l051_kinematics4x_1/Drivers/CMSIS/Device/ST/STM32L0xx/Include"  -Os -g3 -Wall -fmessage-length=0 -ffunction-sections -c -fmessage-length=0 -MMD -MP -MF"Application/User/usart.d" -MT"Application/User/usart.o" -o "Application/User/usart.o" "C:/workspace/ac6_mars_workspace/l051workspace/fromcube/kimematics4x/l051_kinematics4x_1/Src/usart.c"
'Finished building: C:/workspace/ac6_mars_workspace/l051workspace/fromcube/kimematics4x/l051_kinematics4x_1/Src/usart.c'
' '
'Building file: C:/workspace/ac6_mars_workspace/l051workspace/fromcube/kimematics4x/l051_kinematics4x_1/Drivers/CMSIS/Device/ST/STM32L0xx/Source/Templates/gcc/startup_stm32l051xx.s'
'Invoking: MCU GCC Assembler'
C:\workspace\ac6_mars_workspace\l051workspace\fromcube\kimematics4x\l051_kinematics4x_1\SW4STM32\l051_kinematics4x_1\Debug
arm-none-eabi-as -mcpu=cortex-m0plus -mthumb -mfloat-abi=soft -g -o "Application/SW4STM32/startup_stm32l051xx.o" "C:/workspace/ac6_mars_workspace/l051workspace/fromcube/kimematics4x/l051_kinematics4x_1/Drivers/CMSIS/Device/ST/STM32L0xx/Source/Templates/gcc/startup_stm32l051xx.s"
'Finished building: C:/workspace/ac6_mars_workspace/l051workspace/fromcube/kimematics4x/l051_kinematics4x_1/Drivers/CMSIS/Device/ST/STM32L0xx/Source/Templates/gcc/startup_stm32l051xx.s'
' '
'Building target: l051_kinematics4x_1.elf'
'Invoking: MCU GCC Linker'
arm-none-eabi-gcc -mcpu=cortex-m0plus -mthumb -mfloat-abi=soft -specs=nosys.specs -specs=nano.specs -T"../STM32L051C6Tx_FLASH.ld" -Wl,-Map=output.map -Wl,--gc-sections -lm -o "l051_kinematics4x_1.elf" @"objects.list"  
'Finished building target: l051_kinematics4x_1.elf'
' '
make --no-print-directory post-build
'Generating binary and Printing size information:'
arm-none-eabi-objcopy -O binary "l051_kinematics4x_1.elf" "l051_kinematics4x_1.bin"
arm-none-eabi-size "l051_kinematics4x_1.elf"
   text	   data	    bss	    dec	    hex	filename
  15692	    120	   2144	  17956	   4624	l051_kinematics4x_1.elf
' '
15:15:43 **** Incremental Build of configuration Debug for project l051_kinematics4x_1 ****
make all 
make: Nothing to be done for `all'.
15:16:16 **** Incremental Build of configuration Debug for project l051_kinematics4x_1 ****
make all 
make: Nothing to be done for `all'.
